
"D:/lscc/radiant/2026.1/tcltk/windows/bin/tclsh" "Neuromorphic_Lattice_impl_1_synthesize.tcl"

cpe -syn lse -f Neuromorphic_Lattice_impl_1.cprj -a LIFCL -o Neuromorphic_Lattice_impl_1_cpe.ldc
CPE: Constraint Propagation Engine: starting
INFO <35831038> - Setting network_tb as top module.
Analyzing VHDL file D:/lscc/radiant/2026.1/ispfpga\vhdl_packages\standard.vhd. VHDL-1481
Analyzing VHDL file D:/lscc/radiant/2026.1/ispfpga\vhdl_packages\standard.vhd

INFO <35921014> - D:/lscc/radiant/2026.1/ispfpga\vhdl_packages\standard.vhd(9): analyzing package standard. VHDL-1014
Analyzing VHDL file D:/lscc/radiant/2026.1/ispfpga\vhdl_packages\std_1164.vhd. VHDL-1481
Analyzing VHDL file D:/lscc/radiant/2026.1/ispfpga\vhdl_packages\std_1164.vhd

INFO <35921014> - D:/lscc/radiant/2026.1/ispfpga\vhdl_packages\std_1164.vhd(15): analyzing package std_logic_1164. VHDL-1014
INFO <35921013> - D:/lscc/radiant/2026.1/ispfpga\vhdl_packages\std_1164.vhd(178): analyzing package body std_logic_1164. VHDL-1013
Analyzing VHDL file D:/lscc/radiant/2026.1/ispfpga\vhdl_packages\mgc_qsim.vhd. VHDL-1481
Analyzing VHDL file D:/lscc/radiant/2026.1/ispfpga\vhdl_packages\mgc_qsim.vhd

INFO <35921014> - D:/lscc/radiant/2026.1/ispfpga\vhdl_packages\mgc_qsim.vhd(18): analyzing package qsim_logic. VHDL-1014
INFO <35921013> - D:/lscc/radiant/2026.1/ispfpga\vhdl_packages\mgc_qsim.vhd(753): analyzing package body qsim_logic. VHDL-1013
Analyzing VHDL file D:/lscc/radiant/2026.1/ispfpga\vhdl_packages\numeric_bit.vhd. VHDL-1481
Analyzing VHDL file D:/lscc/radiant/2026.1/ispfpga\vhdl_packages\numeric_bit.vhd

INFO <35921014> - D:/lscc/radiant/2026.1/ispfpga\vhdl_packages\numeric_bit.vhd(54): analyzing package numeric_bit. VHDL-1014
INFO <35921013> - D:/lscc/radiant/2026.1/ispfpga\vhdl_packages\numeric_bit.vhd(834): analyzing package body numeric_bit. VHDL-1013
Analyzing VHDL file D:/lscc/radiant/2026.1/ispfpga\vhdl_packages\numeric_std.vhd. VHDL-1481
Analyzing VHDL file D:/lscc/radiant/2026.1/ispfpga\vhdl_packages\numeric_std.vhd

INFO <35921014> - D:/lscc/radiant/2026.1/ispfpga\vhdl_packages\numeric_std.vhd(57): analyzing package numeric_std. VHDL-1014
INFO <35921013> - D:/lscc/radiant/2026.1/ispfpga\vhdl_packages\numeric_std.vhd(874): analyzing package body numeric_std. VHDL-1013
Analyzing VHDL file D:/lscc/radiant/2026.1/ispfpga\vhdl_packages\textio.vhd. VHDL-1481
Analyzing VHDL file D:/lscc/radiant/2026.1/ispfpga\vhdl_packages\textio.vhd

INFO <35921014> - D:/lscc/radiant/2026.1/ispfpga\vhdl_packages\textio.vhd(13): analyzing package textio. VHDL-1014
INFO <35921013> - D:/lscc/radiant/2026.1/ispfpga\vhdl_packages\textio.vhd(114): analyzing package body textio. VHDL-1013
Analyzing VHDL file D:/lscc/radiant/2026.1/ispfpga\vhdl_packages\std_logic_textio.vhd. VHDL-1481
Analyzing VHDL file D:/lscc/radiant/2026.1/ispfpga\vhdl_packages\std_logic_textio.vhd

INFO <35921014> - D:/lscc/radiant/2026.1/ispfpga\vhdl_packages\std_logic_textio.vhd(26): analyzing package std_logic_textio. VHDL-1014
INFO <35921013> - D:/lscc/radiant/2026.1/ispfpga\vhdl_packages\std_logic_textio.vhd(72): analyzing package body std_logic_textio. VHDL-1013
Analyzing VHDL file D:/lscc/radiant/2026.1/ispfpga\vhdl_packages\syn_misc.vhd. VHDL-1481
Analyzing VHDL file D:/lscc/radiant/2026.1/ispfpga\vhdl_packages\syn_misc.vhd

INFO <35921014> - D:/lscc/radiant/2026.1/ispfpga\vhdl_packages\syn_misc.vhd(30): analyzing package std_logic_misc. VHDL-1014
INFO <35921013> - D:/lscc/radiant/2026.1/ispfpga\vhdl_packages\syn_misc.vhd(182): analyzing package body std_logic_misc. VHDL-1013
Analyzing VHDL file D:/lscc/radiant/2026.1/ispfpga\vhdl_packages\math_real.vhd. VHDL-1481
INFO <35921014> - D:/lscc/radiant/2026.1/ispfpga\vhdl_packages\math_real.vhd(56): analyzing package math_real. VHDL-1014
INFO <35921013> - D:/lscc/radiant/2026.1/ispfpga\vhdl_packages\math_real.vhd(685): analyzing package body math_real. VHDL-1013
Analyzing VHDL file D:/lscc/radiant/2026.1/ispfpga\vhdl_packages\mixed_lang_vltype.vhd. VHDL-1481
Analyzing VHDL file D:/lscc/radiant/2026.1/ispfpga\vhdl_packages\mixed_lang_vltype.vhd

INFO <35921014> - D:/lscc/radiant/2026.1/ispfpga\vhdl_packages\mixed_lang_vltype.vhd(9): analyzing package vl_types. VHDL-1014
INFO <35921013> - D:/lscc/radiant/2026.1/ispfpga\vhdl_packages\mixed_lang_vltype.vhd(88): analyzing package body vl_types. VHDL-1013
Analyzing VHDL file D:/lscc/radiant/2026.1/ispfpga\vhdl_packages\syn_arit.vhd. VHDL-1481
Analyzing VHDL file D:/lscc/radiant/2026.1/ispfpga\vhdl_packages\syn_arit.vhd

INFO <35921014> - D:/lscc/radiant/2026.1/ispfpga\vhdl_packages\syn_arit.vhd(25): analyzing package std_logic_arith. VHDL-1014
INFO <35921013> - D:/lscc/radiant/2026.1/ispfpga\vhdl_packages\syn_arit.vhd(206): analyzing package body std_logic_arith. VHDL-1013
Analyzing VHDL file D:/lscc/radiant/2026.1/ispfpga\vhdl_packages\syn_attr.vhd. VHDL-1481
Analyzing VHDL file D:/lscc/radiant/2026.1/ispfpga\vhdl_packages\syn_attr.vhd

INFO <35921014> - D:/lscc/radiant/2026.1/ispfpga\vhdl_packages\syn_attr.vhd(39): analyzing package attributes. VHDL-1014
Analyzing VHDL file D:/lscc/radiant/2026.1/ispfpga\vhdl_packages\syn_sign.vhd. VHDL-1481
Analyzing VHDL file D:/lscc/radiant/2026.1/ispfpga\vhdl_packages\syn_sign.vhd

INFO <35921014> - D:/lscc/radiant/2026.1/ispfpga\vhdl_packages\syn_sign.vhd(35): analyzing package std_logic_signed. VHDL-1014
INFO <35921013> - D:/lscc/radiant/2026.1/ispfpga\vhdl_packages\syn_sign.vhd(96): analyzing package body std_logic_signed. VHDL-1013
Analyzing VHDL file D:/lscc/radiant/2026.1/ispfpga\vhdl_packages\syn_unsi.vhd. VHDL-1481
Analyzing VHDL file D:/lscc/radiant/2026.1/ispfpga\vhdl_packages\syn_unsi.vhd

INFO <35921014> - D:/lscc/radiant/2026.1/ispfpga\vhdl_packages\syn_unsi.vhd(35): analyzing package std_logic_unsigned. VHDL-1014
INFO <35921013> - D:/lscc/radiant/2026.1/ispfpga\vhdl_packages\syn_unsi.vhd(94): analyzing package body std_logic_unsigned. VHDL-1013
Analyzing VHDL file D:/lscc/radiant/2026.1/ispfpga\vhdl_packages\synattr.vhd. VHDL-1481
Analyzing VHDL file D:/lscc/radiant/2026.1/ispfpga\vhdl_packages\synattr.vhd

INFO <35921014> - D:/lscc/radiant/2026.1/ispfpga\vhdl_packages\synattr.vhd(50): analyzing package attributes. VHDL-1014
Analyzing VHDL file D:/lscc/radiant/2026.1/ispfpga\..\cae_library\synthesis\vhdl\lifcl.vhd. VHDL-1481
Analyzing VHDL file D:/lscc/radiant/2026.1/ispfpga\..\cae_library\synthesis\vhdl\lifcl.vhd

Analyzing Verilog file D:/lscc/radiant/2026.1/ispfpga\..\cae_library\synthesis\verilog\lifcl.v. VERI-1482
Analyzing Verilog file D:/programs/Neuromophic_FPGA/sources/Neuromorphic_Lattice/source/impl_1/constants.vh. VERI-1482
Analyzing Verilog file D:/lscc/radiant/2026.1/ip/pmi/pmi_lifcl.v. VERI-1482
INFO <35901328> - D:/lscc/radiant/2026.1/ip/pmi/pmi_lifcl.v(1): analyzing included file D:/lscc/radiant/2026.1/ip/pmi/pmi_addsub.v. VERI-1328
INFO <35901328> - D:/lscc/radiant/2026.1/ip/pmi/pmi_addsub.v(40): analyzing included file D:/lscc/radiant/2026.1/ip/pmi/../common/adder_subtractor/rtl/lscc_add_sub.v. VERI-1328
INFO <35901328> - D:/lscc/radiant/2026.1/ip/pmi/pmi_lifcl.v(2): analyzing included file D:/lscc/radiant/2026.1/ip/pmi/pmi_add.v. VERI-1328
INFO <35901328> - D:/lscc/radiant/2026.1/ip/pmi/pmi_add.v(50): analyzing included file D:/lscc/radiant/2026.1/ip/pmi/../common/adder/rtl/lscc_adder.v. VERI-1328
INFO <35901328> - D:/lscc/radiant/2026.1/ip/pmi/pmi_lifcl.v(3): analyzing included file D:/lscc/radiant/2026.1/ip/pmi/pmi_complex_mult.v. VERI-1328
INFO <35901328> - D:/lscc/radiant/2026.1/ip/pmi/pmi_complex_mult.v(52): analyzing included file D:/lscc/radiant/2026.1/ip/pmi/../common/complex_mult/rtl/lscc_complex_mult.v. VERI-1328
INFO <35901328> - D:/lscc/radiant/2026.1/ip/pmi/pmi_lifcl.v(4): analyzing included file D:/lscc/radiant/2026.1/ip/pmi/pmi_counter.v. VERI-1328
INFO <35901328> - D:/lscc/radiant/2026.1/ip/pmi/pmi_counter.v(39): analyzing included file D:/lscc/radiant/2026.1/ip/pmi/../common/counter/rtl/lscc_cntr.v. VERI-1328
INFO <35901328> - D:/lscc/radiant/2026.1/ip/pmi/pmi_lifcl.v(5): analyzing included file D:/lscc/radiant/2026.1/ip/pmi/pmi_distributed_dpram.v. VERI-1328
INFO <35901328> - D:/lscc/radiant/2026.1/ip/pmi/pmi_distributed_dpram.v(43): analyzing included file D:/lscc/radiant/2026.1/ip/pmi/../common/distributed_dpram/rtl/lscc_distributed_dpram.v. VERI-1328
INFO <35901328> - D:/lscc/radiant/2026.1/ip/pmi/pmi_lifcl.v(6): analyzing included file D:/lscc/radiant/2026.1/ip/pmi/pmi_distributed_spram.v. VERI-1328
INFO <35901328> - D:/lscc/radiant/2026.1/ip/pmi/pmi_distributed_spram.v(42): analyzing included file D:/lscc/radiant/2026.1/ip/pmi/../common/distributed_spram/rtl/lscc_distributed_spram.v. VERI-1328
INFO <35901328> - D:/lscc/radiant/2026.1/ip/pmi/pmi_lifcl.v(7): analyzing included file D:/lscc/radiant/2026.1/ip/pmi/pmi_distributed_rom.v. VERI-1328
INFO <35901328> - D:/lscc/radiant/2026.1/ip/pmi/pmi_distributed_rom.v(42): analyzing included file D:/lscc/radiant/2026.1/ip/pmi/../common/distributed_rom/rtl/lscc_distributed_rom.v. VERI-1328
INFO <35901328> - D:/lscc/radiant/2026.1/ip/pmi/pmi_lifcl.v(8): analyzing included file D:/lscc/radiant/2026.1/ip/pmi/pmi_distributed_shift_reg.v. VERI-1328
INFO <35901328> - D:/lscc/radiant/2026.1/ip/pmi/pmi_distributed_shift_reg.v(41): analyzing included file D:/lscc/radiant/2026.1/ip/pmi/../common/ram_shift_reg/rtl/lscc_shift_register.v. VERI-1328
INFO <35901328> - D:/lscc/radiant/2026.1/ip/pmi/pmi_lifcl.v(9): analyzing included file D:/lscc/radiant/2026.1/ip/pmi/pmi_fifo.v. VERI-1328
INFO <35901328> - D:/lscc/radiant/2026.1/ip/pmi/pmi_fifo.v(44): analyzing included file D:/lscc/radiant/2026.1/ip/pmi/../common/fifo/rtl/lscc_fifo.v. VERI-1328
INFO <35901328> - D:/lscc/radiant/2026.1/ip/pmi/pmi_lifcl.v(10): analyzing included file D:/lscc/radiant/2026.1/ip/pmi/pmi_fifo_dc.v. VERI-1328
INFO <35901328> - D:/lscc/radiant/2026.1/ip/pmi/pmi_fifo_dc.v(47): analyzing included file D:/lscc/radiant/2026.1/ip/pmi/../common/fifo_dc/rtl/lscc_fifo_dc.v. VERI-1328
INFO <35901328> - D:/lscc/radiant/2026.1/ip/pmi/pmi_fifo_dc.v(48): analyzing included file D:/lscc/radiant/2026.1/ip/pmi/../LFMXO4/fifo_dc/rtl/lscc_lfmxo4_fifo_dc.v. VERI-1328
INFO <35901328> - D:/lscc/radiant/2026.1/ip/pmi/../LFMXO4/fifo_dc/rtl/lscc_lfmxo4_fifo_dc.v(128): analyzing included file D:/lscc/radiant/2026.1/ip/pmi/../LFMXO4/fifo_dc/rtl/lscc_lfmxo4_fifo_dc_distributed_ram.v. VERI-1328
INFO <35901328> - D:/lscc/radiant/2026.1/ip/pmi/../LFMXO4/fifo_dc/rtl/lscc_lfmxo4_fifo_dc.v(129): analyzing included file D:/lscc/radiant/2026.1/ip/pmi/../LFMXO4/fifo_dc/rtl/lscc_lfmxo4_fifo_dc_ecc.v. VERI-1328
INFO <35901328> - D:/lscc/radiant/2026.1/ip/pmi/../LFMXO4/fifo_dc/rtl/lscc_lfmxo4_fifo_dc.v(130): analyzing included file D:/lscc/radiant/2026.1/ip/pmi/../LFMXO4/fifo_dc/rtl/lscc_lfmxo4_fifo_dc_flag_and_cnts_logic.v. VERI-1328
INFO <35901328> - D:/lscc/radiant/2026.1/ip/pmi/../LFMXO4/fifo_dc/rtl/lscc_lfmxo4_fifo_dc.v(131): analyzing included file D:/lscc/radiant/2026.1/ip/pmi/../LFMXO4/fifo_dc/rtl/lscc_lfmxo4_fifo_dc_gray_reg.v. VERI-1328
INFO <35901328> - D:/lscc/radiant/2026.1/ip/pmi/../LFMXO4/fifo_dc/rtl/lscc_lfmxo4_fifo_dc.v(132): analyzing included file D:/lscc/radiant/2026.1/ip/pmi/../LFMXO4/fifo_dc/rtl/lscc_lfmxo4_fifo_dc_gray_synchronizer.v. VERI-1328
INFO <35901328> - D:/lscc/radiant/2026.1/ip/pmi/../LFMXO4/fifo_dc/rtl/lscc_lfmxo4_fifo_dc.v(133): analyzing included file D:/lscc/radiant/2026.1/ip/pmi/../LFMXO4/fifo_dc/rtl/lscc_lfmxo4_fifo_dc_harden_prim.v. VERI-1328
INFO <35901328> - D:/lscc/radiant/2026.1/ip/pmi/../LFMXO4/fifo_dc/rtl/lscc_lfmxo4_fifo_dc.v(134): analyzing included file D:/lscc/radiant/2026.1/ip/pmi/../LFMXO4/fifo_dc/rtl/lscc_lfmxo4_fifo_dc_harden_rd_ctrl_logic.v. VERI-1328
INFO <35901328> - D:/lscc/radiant/2026.1/ip/pmi/../LFMXO4/fifo_dc/rtl/lscc_lfmxo4_fifo_dc.v(135): analyzing included file D:/lscc/radiant/2026.1/ip/pmi/../LFMXO4/fifo_dc/rtl/lscc_lfmxo4_fifo_dc_harden_rd_output_logic.v. VERI-1328
INFO <35901328> - D:/lscc/radiant/2026.1/ip/pmi/../LFMXO4/fifo_dc/rtl/lscc_lfmxo4_fifo_dc.v(136): analyzing included file D:/lscc/radiant/2026.1/ip/pmi/../LFMXO4/fifo_dc/rtl/lscc_lfmxo4_fifo_dc_harden_ring_counter.v. VERI-1328
INFO <35901328> - D:/lscc/radiant/2026.1/ip/pmi/../LFMXO4/fifo_dc/rtl/lscc_lfmxo4_fifo_dc.v(137): analyzing included file D:/lscc/radiant/2026.1/ip/pmi/../LFMXO4/fifo_dc/rtl/lscc_lfmxo4_fifo_dc_harden_wr_ctrl_logic.v. VERI-1328
INFO <35901328> - D:/lscc/radiant/2026.1/ip/pmi/../LFMXO4/fifo_dc/rtl/lscc_lfmxo4_fifo_dc.v(138): analyzing included file D:/lscc/radiant/2026.1/ip/pmi/../LFMXO4/fifo_dc/rtl/lscc_lfmxo4_fifo_dc_harden.v. VERI-1328
INFO <35901328> - D:/lscc/radiant/2026.1/ip/pmi/../LFMXO4/fifo_dc/rtl/lscc_lfmxo4_fifo_dc.v(139): analyzing included file D:/lscc/radiant/2026.1/ip/pmi/../LFMXO4/fifo_dc/rtl/lscc_lfmxo4_fifo_dc_prim_gen.v. VERI-1328
INFO <35901328> - D:/lscc/radiant/2026.1/ip/pmi/../LFMXO4/fifo_dc/rtl/lscc_lfmxo4_fifo_dc.v(140): analyzing included file D:/lscc/radiant/2026.1/ip/pmi/../LFMXO4/fifo_dc/rtl/lscc_lfmxo4_fifo_dc_rd_ctrl_logic.v. VERI-1328
INFO <35901328> - D:/lscc/radiant/2026.1/ip/pmi/../LFMXO4/fifo_dc/rtl/lscc_lfmxo4_fifo_dc.v(141): analyzing included file D:/lscc/radiant/2026.1/ip/pmi/../LFMXO4/fifo_dc/rtl/lscc_lfmxo4_fifo_dc_wr_ctrl_logic.v. VERI-1328
INFO <35901328> - D:/lscc/radiant/2026.1/ip/pmi/pmi_lifcl.v(11): analyzing included file D:/lscc/radiant/2026.1/ip/pmi/pmi_mac.v. VERI-1328
INFO <35901328> - D:/lscc/radiant/2026.1/ip/pmi/pmi_mac.v(52): analyzing included file D:/lscc/radiant/2026.1/ip/pmi/../common/mult_accumulate/rtl/lscc_mult_accumulate.v. VERI-1328
INFO <35901328> - D:/lscc/radiant/2026.1/ip/pmi/pmi_lifcl.v(12): analyzing included file D:/lscc/radiant/2026.1/ip/pmi/pmi_multaddsubsum.v. VERI-1328
INFO <35901328> - D:/lscc/radiant/2026.1/ip/pmi/pmi_multaddsubsum.v(53): analyzing included file D:/lscc/radiant/2026.1/ip/pmi/../common/mult_add_sub_sum/rtl/lscc_mult_add_sub_sum.v. VERI-1328
INFO <35901328> - D:/lscc/radiant/2026.1/ip/pmi/pmi_lifcl.v(13): analyzing included file D:/lscc/radiant/2026.1/ip/pmi/pmi_multaddsub.v. VERI-1328
INFO <35901328> - D:/lscc/radiant/2026.1/ip/pmi/pmi_multaddsub.v(52): analyzing included file D:/lscc/radiant/2026.1/ip/pmi/../common/mult_add_sub/rtl/lscc_mult_add_sub.v. VERI-1328
INFO <35901328> - D:/lscc/radiant/2026.1/ip/pmi/pmi_lifcl.v(14): analyzing included file D:/lscc/radiant/2026.1/ip/pmi/pmi_mult.v. VERI-1328
INFO <35901328> - D:/lscc/radiant/2026.1/ip/pmi/pmi_mult.v(51): analyzing included file D:/lscc/radiant/2026.1/ip/pmi/../common/multiplier/rtl/lscc_multiplier.v. VERI-1328
INFO <35901328> - D:/lscc/radiant/2026.1/ip/pmi/pmi_lifcl.v(15): analyzing included file D:/lscc/radiant/2026.1/ip/pmi/pmi_ram_dp.v. VERI-1328
INFO <35901328> - D:/lscc/radiant/2026.1/ip/pmi/pmi_ram_dp.v(48): analyzing included file D:/lscc/radiant/2026.1/ip/pmi/../common/ram_dp/rtl/lscc_ram_dp.v. VERI-1328
INFO <35901328> - D:/lscc/radiant/2026.1/ip/pmi/pmi_ram_dp.v(49): analyzing included file D:/lscc/radiant/2026.1/ip/pmi/../LFMXO4/ram_dp/rtl/lscc_lfmxo4_ram_dp.v. VERI-1328
INFO <35901328> - D:/lscc/radiant/2026.1/ip/pmi/../LFMXO4/ram_dp/rtl/lscc_lfmxo4_ram_dp.v(438): analyzing included file D:/lscc/radiant/2026.1/ip/pmi/../LFMXO4/ram_dp/rtl/lscc_lfmxo4_ram_dp_impl.v. VERI-1328
INFO <35901328> - D:/lscc/radiant/2026.1/ip/pmi/../LFMXO4/ram_dp/rtl/lscc_lfmxo4_ram_dp_impl.v(64): analyzing included file D:/lscc/radiant/2026.1/ip/pmi/../LFMXO4/ram_dp/rtl/lscc_lfmxo4_ram_dp_behavioral.v. VERI-1328
INFO <35901328> - D:/lscc/radiant/2026.1/ip/pmi/../LFMXO4/ram_dp/rtl/lscc_lfmxo4_ram_dp_impl.v(66): analyzing included file D:/lscc/radiant/2026.1/ip/pmi/../LFMXO4/ram_dp/rtl/lscc_lfmxo4_ram_dp_lut_decode.v. VERI-1328
INFO <35901328> - D:/lscc/radiant/2026.1/ip/pmi/../LFMXO4/ram_dp/rtl/lscc_lfmxo4_ram_dp_impl.v(478): analyzing included file D:/lscc/radiant/2026.1/ip/pmi/../LFMXO4/ram_dp/rtl/lscc_lfmxo4_ram_dp_functions.vh. VERI-1328
INFO <35901328> - D:/lscc/radiant/2026.1/ip/pmi/../LFMXO4/ram_dp/rtl/lscc_lfmxo4_ram_dp_impl.v(609): analyzing included file D:/lscc/radiant/2026.1/ip/pmi/../LFMXO4/ram_dp/rtl/lscc_lfmxo4_ram_dp_functions.vh. VERI-1328
INFO <35901328> - D:/lscc/radiant/2026.1/ip/pmi/../LFMXO4/ram_dp/rtl/lscc_lfmxo4_ram_dp_impl.v(1511): analyzing included file D:/lscc/radiant/2026.1/ip/pmi/../LFMXO4/ram_dp/rtl/lscc_lfmxo4_ram_dp_functions.vh. VERI-1328
INFO <35901328> - D:/lscc/radiant/2026.1/ip/pmi/../LFMXO4/ram_dp/rtl/lscc_lfmxo4_ram_dp_impl.v(2456): analyzing included file D:/lscc/radiant/2026.1/ip/pmi/../LFMXO4/ram_dp/rtl/lscc_lfmxo4_ram_dp_functions.vh. VERI-1328
INFO <35901328> - D:/lscc/radiant/2026.1/ip/pmi/../LFMXO4/ram_dp/rtl/lscc_lfmxo4_ram_dp_impl.v(4673): analyzing included file D:/lscc/radiant/2026.1/ip/pmi/../LFMXO4/ram_dp/rtl/lscc_lfmxo4_ram_dp_functions.vh. VERI-1328
INFO <35901328> - D:/lscc/radiant/2026.1/ip/pmi/pmi_lifcl.v(16): analyzing included file D:/lscc/radiant/2026.1/ip/pmi/pmi_ram_dp_be.v. VERI-1328
INFO <35901328> - D:/lscc/radiant/2026.1/ip/pmi/pmi_ram_dp_be.v(49): analyzing included file D:/lscc/radiant/2026.1/ip/pmi/../common/ram_dp/rtl/lscc_ram_dp.v. VERI-1328
INFO <35901328> - D:/lscc/radiant/2026.1/ip/pmi/pmi_ram_dp_be.v(50): analyzing included file D:/lscc/radiant/2026.1/ip/pmi/../LFMXO4/ram_dp/rtl/lscc_lfmxo4_ram_dp.v. VERI-1328
INFO <35901328> - D:/lscc/radiant/2026.1/ip/pmi/../LFMXO4/ram_dp/rtl/lscc_lfmxo4_ram_dp.v(438): analyzing included file D:/lscc/radiant/2026.1/ip/pmi/../LFMXO4/ram_dp/rtl/lscc_lfmxo4_ram_dp_impl.v. VERI-1328
INFO <35901328> - D:/lscc/radiant/2026.1/ip/pmi/pmi_lifcl.v(17): analyzing included file D:/lscc/radiant/2026.1/ip/pmi/pmi_ram_dp_true.v. VERI-1328
INFO <35901328> - D:/lscc/radiant/2026.1/ip/pmi/pmi_ram_dp_true.v(49): analyzing included file D:/lscc/radiant/2026.1/ip/pmi/../common/ram_dp_true/rtl/lscc_ram_dp_true.v. VERI-1328
INFO <35901328> - D:/lscc/radiant/2026.1/ip/pmi/pmi_ram_dp_true.v(50): analyzing included file D:/lscc/radiant/2026.1/ip/pmi/../LFMXO4/ram_dp_true/rtl/lscc_lfmxo4_ram_dp_true.v. VERI-1328
INFO <35901328> - D:/lscc/radiant/2026.1/ip/pmi/../LFMXO4/ram_dp_true/rtl/lscc_lfmxo4_ram_dp_true.v(517): analyzing included file D:/lscc/radiant/2026.1/ip/pmi/../LFMXO4/ram_dp_true/rtl/lscc_lfmxo4_ram_dp_true_impl.v. VERI-1328
INFO <35901328> - D:/lscc/radiant/2026.1/ip/pmi/../LFMXO4/ram_dp_true/rtl/lscc_lfmxo4_ram_dp_true_impl.v(58): analyzing included file D:/lscc/radiant/2026.1/ip/pmi/../LFMXO4/ram_dp_true/rtl/lscc_lfmxo4_ram_dp_true_behavioral.v. VERI-1328
INFO <35901328> - D:/lscc/radiant/2026.1/ip/pmi/../LFMXO4/ram_dp_true/rtl/lscc_lfmxo4_ram_dp_true_impl.v(61): analyzing included file D:/lscc/radiant/2026.1/ip/pmi/../LFMXO4/ram_dp_true/rtl/lscc_lfmxo4_ram_dp_true_lut_decode.v. VERI-1328
INFO <35901328> - D:/lscc/radiant/2026.1/ip/pmi/../LFMXO4/ram_dp_true/rtl/lscc_lfmxo4_ram_dp_true_impl.v(257): analyzing included file D:/lscc/radiant/2026.1/ip/pmi/../LFMXO4/ram_dp_true/rtl/lscc_lfmxo4_ram_dp_true_functions.vh. VERI-1328
INFO <35901328> - D:/lscc/radiant/2026.1/ip/pmi/../LFMXO4/ram_dp_true/rtl/lscc_lfmxo4_ram_dp_true_impl.v(620): analyzing included file D:/lscc/radiant/2026.1/ip/pmi/../LFMXO4/ram_dp_true/rtl/lscc_lfmxo4_ram_dp_true_functions.vh. VERI-1328
INFO <35901328> - D:/lscc/radiant/2026.1/ip/pmi/../LFMXO4/ram_dp_true/rtl/lscc_lfmxo4_ram_dp_true_impl.v(748): analyzing included file D:/lscc/radiant/2026.1/ip/pmi/../LFMXO4/ram_dp_true/rtl/lscc_lfmxo4_ram_dp_true_functions.vh. VERI-1328
INFO <35901328> - D:/lscc/radiant/2026.1/ip/pmi/../LFMXO4/ram_dp_true/rtl/lscc_lfmxo4_ram_dp_true_impl.v(1336): analyzing included file D:/lscc/radiant/2026.1/ip/pmi/../LFMXO4/ram_dp_true/rtl/lscc_lfmxo4_ram_dp_true_functions.vh. VERI-1328
INFO <35901328> - D:/lscc/radiant/2026.1/ip/pmi/../LFMXO4/ram_dp_true/rtl/lscc_lfmxo4_ram_dp_true_impl.v(2535): analyzing included file D:/lscc/radiant/2026.1/ip/pmi/../LFMXO4/ram_dp_true/rtl/lscc_lfmxo4_ram_dp_true_functions.vh. VERI-1328
INFO <35901328> - D:/lscc/radiant/2026.1/ip/pmi/../LFMXO4/ram_dp_true/rtl/lscc_lfmxo4_ram_dp_true.v(518): analyzing included file D:/lscc/radiant/2026.1/ip/pmi/../LFMXO4/ram_dp_true/rtl/lscc_lfmxo4_ram_dp_true_ecc_decoder.v. VERI-1328
INFO <35901328> - D:/lscc/radiant/2026.1/ip/pmi/pmi_lifcl.v(18): analyzing included file D:/lscc/radiant/2026.1/ip/pmi/pmi_ram_dq.v. VERI-1328
INFO <35901328> - D:/lscc/radiant/2026.1/ip/pmi/pmi_ram_dq.v(45): analyzing included file D:/lscc/radiant/2026.1/ip/pmi/../common/ram_dq/rtl/lscc_ram_dq.v. VERI-1328
INFO <35901328> - D:/lscc/radiant/2026.1/ip/pmi/pmi_ram_dq.v(46): analyzing included file D:/lscc/radiant/2026.1/ip/pmi/../LFMXO4/ram_dq/rtl/lscc_lfmxo4_ram_dq.v. VERI-1328
INFO <35901328> - D:/lscc/radiant/2026.1/ip/pmi/../LFMXO4/ram_dq/rtl/lscc_lfmxo4_ram_dq.v(2839): analyzing included file D:/lscc/radiant/2026.1/ip/pmi/../LFMXO4/ram_dq/rtl/hsiao_ecc_encoder.v. VERI-1328
INFO <35901328> - D:/lscc/radiant/2026.1/ip/pmi/../LFMXO4/ram_dq/rtl/lscc_lfmxo4_ram_dq.v(2840): analyzing included file D:/lscc/radiant/2026.1/ip/pmi/../LFMXO4/ram_dq/rtl/hsiao_ecc_decoder.v. VERI-1328
INFO <35901328> - D:/lscc/radiant/2026.1/ip/pmi/../LFMXO4/ram_dq/rtl/lscc_lfmxo4_ram_dq.v(2841): analyzing included file D:/lscc/radiant/2026.1/ip/pmi/../LFMXO4/ram_dq/rtl/lscc_lfmxo4_ram_dq_lut_decode.v. VERI-1328
INFO <35901328> - D:/lscc/radiant/2026.1/ip/pmi/pmi_lifcl.v(19): analyzing included file D:/lscc/radiant/2026.1/ip/pmi/pmi_ram_dq_be.v. VERI-1328
INFO <35901328> - D:/lscc/radiant/2026.1/ip/pmi/pmi_ram_dq_be.v(45): analyzing included file D:/lscc/radiant/2026.1/ip/pmi/../common/ram_dq/rtl/lscc_ram_dq.v. VERI-1328
INFO <35901328> - D:/lscc/radiant/2026.1/ip/pmi/pmi_ram_dq_be.v(46): analyzing included file D:/lscc/radiant/2026.1/ip/pmi/../LFMXO4/ram_dq/rtl/lscc_lfmxo4_ram_dq.v. VERI-1328
INFO <35901328> - D:/lscc/radiant/2026.1/ip/pmi/../LFMXO4/ram_dq/rtl/lscc_lfmxo4_ram_dq.v(2839): analyzing included file D:/lscc/radiant/2026.1/ip/pmi/../LFMXO4/ram_dq/rtl/hsiao_ecc_encoder.v. VERI-1328
INFO <35901328> - D:/lscc/radiant/2026.1/ip/pmi/../LFMXO4/ram_dq/rtl/lscc_lfmxo4_ram_dq.v(2840): analyzing included file D:/lscc/radiant/2026.1/ip/pmi/../LFMXO4/ram_dq/rtl/hsiao_ecc_decoder.v. VERI-1328
INFO <35901328> - D:/lscc/radiant/2026.1/ip/pmi/../LFMXO4/ram_dq/rtl/lscc_lfmxo4_ram_dq.v(2841): analyzing included file D:/lscc/radiant/2026.1/ip/pmi/../LFMXO4/ram_dq/rtl/lscc_lfmxo4_ram_dq_lut_decode.v. VERI-1328
INFO <35901328> - D:/lscc/radiant/2026.1/ip/pmi/pmi_lifcl.v(20): analyzing included file D:/lscc/radiant/2026.1/ip/pmi/pmi_rom.v. VERI-1328
INFO <35901328> - D:/lscc/radiant/2026.1/ip/pmi/pmi_rom.v(45): analyzing included file D:/lscc/radiant/2026.1/ip/pmi/../common/rom/rtl/lscc_rom.v. VERI-1328
INFO <35901328> - D:/lscc/radiant/2026.1/ip/pmi/pmi_lifcl.v(21): analyzing included file D:/lscc/radiant/2026.1/ip/pmi/pmi_sub.v. VERI-1328
INFO <35901328> - D:/lscc/radiant/2026.1/ip/pmi/pmi_sub.v(50): analyzing included file D:/lscc/radiant/2026.1/ip/pmi/../common/subtractor/rtl/lscc_subtractor.v. VERI-1328
Analyzing Verilog file D:/programs/Neuromophic_FPGA/sources/Neuromorphic_Lattice/source/impl_1/weight_multiply_unit.v. VERI-1482
Analyzing Verilog file D:/programs/Neuromophic_FPGA/sources/Neuromorphic_Lattice/source/impl_1/weight_multiply_array.v. VERI-1482
INFO <35901328> - D:/programs/Neuromophic_FPGA/sources/Neuromorphic_Lattice/source/impl_1/weight_multiply_array.v(1): analyzing included file D:/programs/Neuromophic_FPGA/sources/Neuromorphic_Lattice/source/impl_1/constants.vh. VERI-1328
Analyzing Verilog file D:/programs/Neuromophic_FPGA/sources/Neuromorphic_Lattice/source/impl_1/ram.v. VERI-1482
INFO <35901328> - D:/programs/Neuromophic_FPGA/sources/Neuromorphic_Lattice/source/impl_1/ram.v(2): analyzing included file D:/programs/Neuromophic_FPGA/sources/Neuromorphic_Lattice/source/impl_1/constants.vh. VERI-1328
Analyzing Verilog file D:/programs/Neuromophic_FPGA/sources/Neuromorphic_Lattice/source/impl_1/weight_manager_unit.v. VERI-1482
INFO <35901328> - D:/programs/Neuromophic_FPGA/sources/Neuromorphic_Lattice/source/impl_1/weight_manager_unit.v(1): analyzing included file D:/programs/Neuromophic_FPGA/sources/Neuromorphic_Lattice/source/impl_1/constants.vh. VERI-1328
Analyzing Verilog file D:/programs/Neuromophic_FPGA/sources/Neuromorphic_Lattice/source/impl_1/network_tb.v. VERI-1482
INFO <35901328> - D:/programs/Neuromophic_FPGA/sources/Neuromorphic_Lattice/source/impl_1/network_tb.v(1): analyzing included file D:/programs/Neuromophic_FPGA/sources/Neuromorphic_Lattice/source/impl_1/constants.vh. VERI-1328
Analyzing Verilog file D:/programs/Neuromophic_FPGA/sources/Neuromorphic_Lattice/source/impl_1/spike_neuron.v. VERI-1482
Analyzing Verilog file D:/programs/Neuromophic_FPGA/sources/Neuromorphic_Lattice/source/impl_1/spike_array.v. VERI-1482
INFO <35901328> - D:/programs/Neuromophic_FPGA/sources/Neuromorphic_Lattice/source/impl_1/spike_array.v(1): analyzing included file D:/programs/Neuromophic_FPGA/sources/Neuromorphic_Lattice/source/impl_1/constants.vh. VERI-1328
Analyzing VHDL file D:/lscc/radiant/2026.1/ip/pmi/pmi_lifcl.vhd. VHDL-1481
Analyzing VHDL file D:/lscc/radiant/2026.1/ip/pmi/pmi_lifcl.vhd

INFO <35921014> - D:/lscc/radiant/2026.1/ip/pmi/pmi_lifcl.vhd(4): analyzing package components. VHDL-1014
Top module name (Verilog): network_tb
INFO <35901018> - D:/programs/Neuromophic_FPGA/sources/Neuromorphic_Lattice/source/impl_1/network_tb.v(3): compiling module network_tb. VERI-1018
INFO <35901018> - D:/programs/Neuromophic_FPGA/sources/Neuromorphic_Lattice/source/impl_1/weight_manager_unit.v(3): compiling module weight_manager_unit(NUM_WEIGHTS=8). VERI-1018
WARNING <35901209> - D:/programs/Neuromophic_FPGA/sources/Neuromorphic_Lattice/source/impl_1/weight_manager_unit.v(39): expression size 32 truncated to fit in target size 8. VERI-1209
INFO <35901018> - D:/programs/Neuromophic_FPGA/sources/Neuromorphic_Lattice/source/impl_1/ram.v(4): compiling module single_port_ram. VERI-1018
WARNING <35901012> - D:/programs/Neuromophic_FPGA/sources/Neuromorphic_Lattice/source/impl_1/ram.v(21): cannot open file memory_init.txt. VERI-1012
INFO <35901018> - D:/programs/Neuromophic_FPGA/sources/Neuromorphic_Lattice/source/impl_1/weight_multiply_array.v(3): compiling module weight_multiply_array. VERI-1018
INFO <35901018> - D:/programs/Neuromophic_FPGA/sources/Neuromorphic_Lattice/source/impl_1/weight_multiply_unit.v(1): compiling module weight_multiply_unit. VERI-1018
INFO <35901018> - D:/programs/Neuromophic_FPGA/sources/Neuromorphic_Lattice/source/impl_1/spike_array.v(3): compiling module spike_array. VERI-1018
INFO <35901018> - D:/programs/Neuromophic_FPGA/sources/Neuromorphic_Lattice/source/impl_1/spike_neuron.v(1): compiling module spike_neuron. VERI-1018
Source compile complete.
Writing output files.
CPE Completed. Neuromorphic_Lattice_impl_1_cpe.ldc and CPEReport.txt produced.
CPE: Constraint Propagation Engine: completed



synthesis -f D:/programs/Neuromophic_FPGA/sources/Neuromorphic_Lattice/impl_1/Neuromorphic_Lattice_impl_1_lattice.synproj -logfile Neuromorphic_Lattice_impl_1_lattice.srp
synthesis:  version Radiant Software (64-bit) 2026.1.0.37.0

Copyright (c) 1991-1994 by NeoCAD Inc. All rights reserved.
Copyright (c) 1995 AT&T Corp.   All rights reserved.
Copyright (c) 1995-2001 Lucent Technologies Inc.  All rights reserved.
Copyright (c) 2001 Agere Systems   All rights reserved.
Copyright (c) 2002-2026 Lattice Semiconductor Corporation,  All rights reserved.
Mon Aug 24 21:27:37 2026


Command Line:  D:\lscc\radiant\2026.1\ispfpga\bin\nt64\synthesis.exe -f D:/programs/Neuromophic_FPGA/sources/Neuromorphic_Lattice/impl_1/Neuromorphic_Lattice_impl_1_lattice.synproj -logfile Neuromorphic_Lattice_impl_1_lattice.srp -gui -msgset D:/programs/Neuromophic_FPGA/sources/Neuromorphic_Lattice/promote.xml 

Lattice Synthesis Engine launched.

Synthesis options:
The -a option is LIFCL.
The -t option is CABGA400.
The -sp option is 9_High-Performance_1.0V.
The -p option is LIFCL-40.

###################### Device Information ######################
----------------------------------------------------------------
Lattice Family        | LIFCL
----------------------------------------------------------------
Device                | LIFCL-40
----------------------------------------------------------------
Package               | CABGA400
----------------------------------------------------------------
Performance Grade     | 9_High-Performance_1.0V
----------------------------------------------------------------
################################################################

####################### Device Resources #######################
----------------------------------------------------------------
Logic Cells           | 32256
----------------------------------------------------------------
RAM Blocks            | 84
----------------------------------------------------------------
DSP Blocks            | 462
----------------------------------------------------------------
PLLs                  | 3
----------------------------------------------------------------
I/O Pins              | 185
----------------------------------------------------------------
################################################################

Resolving user-selected strategy settings...


###################### Strategy Settings #######################
----------------------------------------------------------------
Optimization Goal     | Timing
----------------------------------------------------------------
Top-level Module Name | network_tb
----------------------------------------------------------------
Target Frequency      | 200.000 MHz
----------------------------------------------------------------
Maximum Fanout        | 1000
----------------------------------------------------------------
Timing Path Count     | 3
----------------------------------------------------------------
RAM Read/Write Check  | False
----------------------------------------------------------------
BRAM Utilization      | 100.0%
----------------------------------------------------------------
DSP Usage             | True
----------------------------------------------------------------
DSP Utilization       | 100.0%
----------------------------------------------------------------
FSM Encoding Style    | Auto
----------------------------------------------------------------
Resolve Mixed Drivers | False
----------------------------------------------------------------
Fix Gated Clocks      | True
----------------------------------------------------------------
Mux Style             | Auto
----------------------------------------------------------------
Use Carry Chain       | True
----------------------------------------------------------------
Carry Chain Length    | Infinite
----------------------------------------------------------------
Loop Limit            | 1950
----------------------------------------------------------------
Use I/O Insertion     | True
----------------------------------------------------------------
Use I/O Registers     | False
----------------------------------------------------------------
Resource Sharing      | True
----------------------------------------------------------------
Propagate Constants   | True
----------------------------------------------------------------
Remove Duplicate Reg  | True
----------------------------------------------------------------
Force GSR             | False
----------------------------------------------------------------
ROM Style             | Auto
----------------------------------------------------------------
RAM Style             | Auto
----------------------------------------------------------------
Remove LOC Properties | False
----------------------------------------------------------------
Partition Flow        | False
----------------------------------------------------------------
Use DCC Insertion     | None
----------------------------------------------------------------
################################################################


The -comp option is FALSE.
The -syn option is FALSE.
Hardtimer checking is enabled (default). The -dt option is not used.

Output HDL filename: Neuromorphic_Lattice_impl_1.vm
-sdc option: SDC file input is Neuromorphic_Lattice_impl_1_cpe.ldc.
-path . (searchpath added)
-path .. (searchpath added)
-path ../source/impl_1 (searchpath added)
-path D:/lscc/radiant/2026.1/ispfpga/je5d00/data (searchpath added)
Mixed language design
Verilog design file: D:/lscc/radiant/2026.1/ip/pmi/pmi_lifcl.v
Verilog design file: ../source/impl_1/weight_multiply_unit.v
Verilog design file: ../source/impl_1/weight_multiply_array.v
Verilog design file: ../source/impl_1/ram.v
Verilog design file: ../source/impl_1/weight_manager_unit.v
Verilog design file: ../source/impl_1/network_tb.v
Verilog design file: ../source/impl_1/spike_neuron.v
Verilog design file: ../source/impl_1/spike_array.v
Verilog design file: ../source/impl_1/constants.vh
VHDL library: pmi
VHDL design file: D:/lscc/radiant/2026.1/ip/pmi/pmi_lifcl.vhd

Compiling design...

Analyzing Verilog file D:/lscc/radiant/2026.1/ispfpga\..\cae_library\synthesis\verilog\generic.v. VERI-1482
Analyzing Verilog file D:/lscc/radiant/2026.1/ispfpga\..\cae_library\synthesis\verilog\lifcl.v. VERI-1482
Analyzing Verilog file D:/lscc/radiant/2026.1/ispfpga\..\cae_library\synthesis\verilog\lifcl.v. VERI-1482
Analyzing Verilog file D:/lscc/radiant/2026.1/ispfpga\..\cae_library\simulation\verilog\lifcl\lifcl_sp.v. VERI-1482
Analyzing Verilog file D:/lscc/radiant/2026.1/ispfpga\..\cae_library\simulation\verilog\uaplatform\uaplatform_sp.v. VERI-1482
Analyzing Verilog file ../source/impl_1/constants.vh. VERI-1482
Analyzing Verilog file D:/lscc/radiant/2026.1/ip/pmi/pmi_lifcl.v. VERI-1482
Analyzing Verilog file ../source/impl_1/weight_multiply_unit.v. VERI-1482
Analyzing Verilog file ../source/impl_1/weight_multiply_array.v. VERI-1482
Analyzing Verilog file ../source/impl_1/ram.v. VERI-1482
Analyzing Verilog file ../source/impl_1/weight_manager_unit.v. VERI-1482
Analyzing Verilog file ../source/impl_1/network_tb.v. VERI-1482
Analyzing Verilog file ../source/impl_1/spike_neuron.v. VERI-1482
Analyzing Verilog file ../source/impl_1/spike_array.v. VERI-1482
Top module name (Verilog): network_tb
INFO <35901018> - ../source/impl_1/network_tb.v(3): compiling module network_tb. VERI-1018
INFO <35901018> - ../source/impl_1/weight_manager_unit.v(3): compiling module weight_manager_unit(NUM_WEIGHTS=8). VERI-1018
WARNING <35901209> - ../source/impl_1/weight_manager_unit.v(39): expression size 32 truncated to fit in target size 8. VERI-1209
INFO <35901018> - ../source/impl_1/ram.v(4): compiling module single_port_ram. VERI-1018
INFO <35901018> - ../source/impl_1/weight_multiply_array.v(3): compiling module weight_multiply_array. VERI-1018
INFO <35901018> - ../source/impl_1/weight_multiply_unit.v(1): compiling module weight_multiply_unit. VERI-1018
INFO <35901018> - ../source/impl_1/spike_array.v(3): compiling module spike_array. VERI-1018
INFO <35901018> - ../source/impl_1/spike_neuron.v(1): compiling module spike_neuron. VERI-1018
[Parameter Setting Section Start]

	[Parameter Settings for top-level module]
	(Module: network_tb)
		HIDDEN_SIZE               2
		INIT_ADDRESS              0
		LAYER1_NUM_WEIGHTS        4
		LAYER2_NUM_WEIGHTS        4
		TOTAL_NUM_WEIGHTS         8

	[Parameter Settings for Instance(s): wmu]
	(Module: weight_manager_unit)
		NUM_WEIGHTS               8
		INIT_ADDRESS              0
		SET_ADDR                  2'b00
		WAIT_RAM                  2'b01
		CAPTURE                   2'b10
		DONE                      2'b11

	[Parameter Settings for Instance(s): ram]
	(Module: single_port_ram)
		DATA_WIDTH                8
		ADDR_WIDTH                8

	[Parameter Settings for Instance(s): layer1_wma, layer2_wma]
	(Module: weight_multiply_array)
		IN_SIZE                   2
		OUT_SIZE                  2
		NUM_UNITS                 4
		GEN_WEIGHTS[0].i          0
		GEN_WEIGHTS[1].i          1
		GEN_WEIGHTS[2].i          2
		GEN_WEIGHTS[3].i          3
		GEN_OUTPUT[0].j           0
		GEN_OUTPUT[0].GEN_INPUT[0].z 0
		GEN_OUTPUT[0].GEN_INPUT[1].z 1
		GEN_OUTPUT[1].j           1
		GEN_OUTPUT[1].GEN_INPUT[0].z 0
		GEN_OUTPUT[1].GEN_INPUT[1].z 1

	[Parameter Settings for Instance(s): hidden_neurons, output_neurons]
	(Module: spike_array)
		SIZE                      2
		GEN_NEURONS[0].i          0
		GEN_NEURONS[1].i          1

	[Parameter Settings for Instance(s): GEN_NEURONS[0].sn, GEN_NEURONS[1].sn]
	(Module: spike_neuron)
		threshold                 50
		beta_shift                8

[Parameter Setting Section End]
WARNING <35935040> - Register write_enable clock is stuck at Zero. VDB-5040
WARNING <35935049> - input port weights_loaded remains unconnected for this instance. VDB-5049
WARNING <35935049> - input port weights_loaded remains unconnected for this instance. VDB-5049
WARNING <35935049> - input port weights_loaded remains unconnected for this instance. VDB-5049
WARNING <35935049> - input port weights_loaded remains unconnected for this instance. VDB-5049
WARNING <35931002> - ../source/impl_1/weight_multiply_array.v(10): net \layer1_wma/weights_loaded does not have a driver. VDB-1002
######## Missing driver on net \layer1_wma/weights_loaded. Patching with GND.
######## Missing driver on net \layer2_wma/weights_loaded. Patching with GND.



WARNING <35935040> - Register \output_neurons/GEN_NEURONS[0].sn/sub_5_add_2_i17 clock is stuck at Zero. VDB-5040
WARNING <35935040> - Register \output_neurons/GEN_NEURONS[0].sn/sub_5_add_2_i2 clock is stuck at Zero. VDB-5040
WARNING <35935040> - Register \wmu/add_136_i17 clock is stuck at Zero. VDB-5040
WARNING <35935040> - Register \wmu/add_136_i2 clock is stuck at Zero. VDB-5040
WARNING <35935040> - Register \output_neurons/GEN_NEURONS[1].sn/sub_5_add_2_i17 clock is stuck at Zero. VDB-5040
WARNING <35935040> - Register \output_neurons/GEN_NEURONS[1].sn/sub_5_add_2_i2 clock is stuck at Zero. VDB-5040
WARNING <35935040> - Register add_186_i17 clock is stuck at Zero. VDB-5040
WARNING <35935040> - Register \wmu/add_136_add_12_i17 clock is stuck at Zero. VDB-5040
WARNING <35935040> - Register add_185_i2 clock is stuck at Zero. VDB-5040
WARNING <35935040> - Register add_186_i2 clock is stuck at Zero. VDB-5040
WARNING <35935040> - Register add_185_i17 clock is stuck at Zero. VDB-5040
WARNING <35935040> - Register \wmu/add_136_add_12_i2 clock is stuck at Zero. VDB-5040
CRITICAL <35002028> - I/O port's net has no driver and is unused: network_inputs[1]
CRITICAL <35002028> - I/O port's net has no driver and is unused: network_inputs[0]
Initializing timer
Starting design annotation....
WARNING <70009502> - The preferred point for defining clocks is top level ports and driver pins. Pad delays will not be taken into consideration if clocks are defined on nets.

Starting full timing analysis...
Worst slack in design -160
Initializing timer
Starting design annotation....
WARNING <70009502> - The preferred point for defining clocks is top level ports and driver pins. Pad delays will not be taken into consideration if clocks are defined on nets.

Starting full timing analysis...
Worst slack in design 829
Initializing timer
Starting design annotation....
WARNING <70009502> - The preferred point for defining clocks is top level ports and driver pins. Pad delays will not be taken into consideration if clocks are defined on nets.

Starting full timing analysis...
Worst slack in design 338
Initializing timer
Starting design annotation....
WARNING <70009502> - The preferred point for defining clocks is top level ports and driver pins. Pad delays will not be taken into consideration if clocks are defined on nets.

Starting full timing analysis...
Worst slack in design 338

################### Begin Area Report (network_tb)######################
Number of register bits => 77 of 32256 (0 % )
CCU2 => 39
FD1P3IX => 77
GSR => 1
IB => 2
LUT4 => 39
OB => 3
################### End Area Report ##################
Number of odd-length carry chains : 0
Number of even-length carry chains : 3

################### Begin Clock Report ######################
Clock Nets
Number of Clocks: 1
  Net : clk_c, loads : 77
Clock Enable Nets
Number of Clock Enables: 7
  Net : output_neurons/GEN_NEURONS[1].sn/VCC_net, loads : 68
  Net : output_neurons/GEN_NEURONS[0].sn/VCC_net, loads : 68
  Net : wmu/VCC_net, loads : 13
  Net : wmu/clk_c_enable_10, loads : 5
  Net : wmu/clk_c_enable_8, loads : 3
  Net : wmu/clk_c_enable_1, loads : 1
  Net : wmu/clk_c_enable_3, loads : 1
Highest fanout non-clock nets
Top 10 highest fanout non-clock nets:
  Net : output_neurons/GEN_NEURONS[1].sn/VCC_net, loads : 68
  Net : output_neurons/GEN_NEURONS[0].sn/VCC_net, loads : 68
  Net : n382, loads : 51
  Net : n386, loads : 51
  Net : n604, loads : 19
  Net : n596, loads : 19
  Net : output_neurons/GEN_NEURONS[1].sn/n836, loads : 18
  Net : output_neurons/GEN_NEURONS[1].sn/potential_decayed[29], loads : 18
  Net : output_neurons/GEN_NEURONS[1].sn/n833, loads : 18
  Net : output_neurons/GEN_NEURONS[1].sn/n837, loads : 18
################### End Clock Report ##################

################### Begin Constraint Report ######################
Constraint Summary:
  Total number of constraints: 0
  Total number of constraints dropped: 0
###################  End Constraint Report  ######################

Peak Memory Usage: 203 MB

--------------------------------------------------------------
Total CPU Time: 2 secs 
Total REAL Time: 2 secs 
--------------------------------------------------------------
Checksum -- synthesis -- netlist: 70deb484a3d04dffc03b12d8c9d89f33b7e51927



postsyn -a LIFCL -p LIFCL-40 -t CABGA400 -sp 9_High-Performance_1.0V -oc Commercial -top -w -o Neuromorphic_Lattice_impl_1_syn.udb Neuromorphic_Lattice_impl_1.vm -ldc Neuromorphic_Lattice_impl_1.ldc
POSTSYN: Post Synthesis Process Radiant Software (64-bit) 2026.1.0.37.0
Command Line: postsyn -a LIFCL -p LIFCL-40 -t CABGA400 -sp 9_High-Performance_1.0V -oc Commercial -top -w -o Neuromorphic_Lattice_impl_1_syn.udb -ldc Neuromorphic_Lattice_impl_1.ldc -gui -msgset D:/programs/Neuromophic_FPGA/sources/Neuromorphic_Lattice/promote.xml Neuromorphic_Lattice_impl_1.vm 
   Architecture:     LIFCL
   Device:           LIFCL-40
   Package:          CABGA400
   Performance:      9_High-Performance_1.0V
Reading input file 'Neuromorphic_Lattice_impl_1.vm' ...
CPU Time to convert: 0.59375
REAL Time to convert: 0
convert PEAK Memory Usage: 117 MB
convert CURRENT Memory Usage: 109 MB
Reading constraint file 'Neuromorphic_Lattice_impl_1.ldc' ...
Removing unused logic ...
INFO <35811146> - Signal wmu/state___i0.intGnd undriven or does not drive anything - clipped
INFO <35811146> - Signal wmu/state___i1.intGnd undriven or does not drive anything - clipped
INFO <35811146> - Signal wmu/weight_idx___i0.intGnd undriven or does not drive anything - clipped
INFO <35811146> - Signal wmu/weights_loaded.intGnd undriven or does not drive anything - clipped
INFO <35811146> - Signal wmu/weight_idx___i7.intGnd undriven or does not drive anything - clipped
INFO <35811146> - Signal wmu/weight_idx___i6.intGnd undriven or does not drive anything - clipped
INFO <35811146> - Signal wmu/weight_idx___i5.intGnd undriven or does not drive anything - clipped
INFO <35811146> - Signal wmu/weight_idx___i4.intGnd undriven or does not drive anything - clipped
INFO <35811146> - Signal wmu/weight_idx___i3.intGnd undriven or does not drive anything - clipped
INFO <35811146> - Signal wmu/weight_idx___i2.intGnd undriven or does not drive anything - clipped
INFO <35811149> - ... More signals are undriven or does not drive anything - clipped
Starting design annotation....
 
Constraint Summary:
   Total number of constraints: 1
   Total number of constraints dropped: 0
 
Writing output file 'Neuromorphic_Lattice_impl_1_syn.udb'.
POSTSYN finished successfully.
Total CPU Time: 0 secs 
Total REAL Time: 0 secs 
Peak Memory Usage: 155 MB
Checksum -- postsyn: f5b5f13b791d24256e391a80a1ea2d89aeba732


