
                         Lattice Mapping Report File

Design:  network_tb
Family:  LIFCL
Device:  LIFCL-40
Package: CABGA400
Performance Grade:  9_High-Performance_1.0V

Mapper:    version Radiant Software (64-bit) 2026.1.0.37.0
Mapped on: Thu Aug 20 21:54:03 2026

Design Information
------------------

Command line:   map -i Neuromorphic_Lattice_impl_1_syn.udb -o
     Neuromorphic_Lattice_impl_1_map.udb -mp Neuromorphic_Lattice_impl_1.mrp
     -hierrpt -gui -msgset
     D:/programs/Neuromophic_FPGA/sources/Neuromorphic_Lattice/promote.xml

Design Summary
--------------

   Number of registers:         225 out of 32811 (1%)
      Number of SLICE         registers:  225 out of 32256 (1%)
      Number of PIO Input     registers:    0 out of   185 (0%)
      Number of PIO Output    registers:    0 out of   185 (0%)
      Number of PIO Tri-State registers:    0 out of   185 (0%)
   Number of LUT4s:             351 out of 32256 (1%)
      Number used as logic LUT4s:                        105
      Number used as distributed RAM:                     12 (6 per 16X4 RAM)
      Number used as ripple logic:                       234 (2 per CCU2)
   Number of PIOs used/reserved:   13 out of   185 (7%)
      Number of PIOs reserved:      7 (per sysConfig and/or prohibit constraint)
      Number of PIOs used:          6
        Number of PIOs used for single ended IO:         6
        Number of PIO pairs used for differential IO:    0
        Number allocated to regular speed PIOs:     6 out of  111 (5%)
        Number allocated to high speed PIOs:        0 out of   74 (0%)
   Number of Dedicated IO used for ADC/PCIE/DPHY:    0 out of   32 (0%)
   Number of IDDR/ODDR/TDDR functions used:      0 out of   444 (0%)
   Number of IOs using at least one DDR function: 0 (0 differential)
   Number of Block RAMs:          0 out of 84 (0%)
   Number of Large RAMs:          0 out of 2 (0%)
   Number of Logical DSP Functions:
      Number of Pre-Adders (9+9):    0 out of 112 (0%)
      Number of Multipliers (18x18): 0 out of 56 (0%)
         Number of 9X9:        0 (1 18x18 = 2   9x9)
         Number of 18x18:      0 (1 18x18 = 1 18x18)
         Number of 18x36:      0 (2 18x18 = 1 18x36)
         Number of 36x36:      0 (4 18x18 = 1 36x36)
      Number of 54-bit Accumulators: 0 out of 28 (0%)
      Number of 18-bit Registers:    0 out of 112 (0%)
   Number of Physical DSP Components:
      Number of PREADD9:             0 out of 112 (0%)
      Number of MULT9:               0 out of 112 (0%)
      Number of MULT18:              0 out of 56 (0%)
      Number of MULT18X36:           0 out of 28 (0%)
      Number of MULT36:              0 out of 14 (0%)
      Number of ACC54:               0 out of 28 (0%)
      Number of REG18:               0 out of 112 (0%)
   Number of ALUREGs:             0 out of 1 (0%)

                                    Page 1





Design Summary (cont)
---------------------
   Number of PLLs:                0 out of 3 (0%)
   Number of DDRDLLs:             0 out of 2 (0%)
   Number of DLLDELs:             0 out of 10 (0%)
   Number of DQSs:                0 out of 4 (0%)
   Number of DCSs:                0 out of 1 (0%)
   Number of DCCs:                0 out of 62 (0%)
   Number of PCLKDIVs:            0 out of 1 (0%)
   Number of ECLKDIVs:            0 out of 12 (0%)
   Number of ECLKSYNCs:           0 out of 12 (0%)
   Number of ADC Blocks:          0 out of 1 (0%)
   Number of SGMIICDRs:           0 out of 2 (0%)
   Number of PMUs:                0 out of 1 (0%)
   Number of BNKREF18s:           0 out of 3 (0%)
   Number of BNKREF33s:           0 out of 5 (0%)
   Number of I2CFIFOs:            0 out of 1 (0%)
   Number of DPHYs:               0 out of 2 (0%)
   Number of Oscillator:          0 out of 1 (0%)
   Number of GSR:                 0 out of 1 (0%)
   Number of Cryptographic Block: 0 out of 1 (0%)
   Number of Config IP:           0 out of 1 (0%)
                 TSALL:           0 out of 1 (0%)
   Number of JTAG:                0 out of 1 (0%)
   Number of Config LMMI:         0 out of 1 (0%)
   Number of Config MULTIBOOT:    0 out of 1 (0%)
   Number of SED:                 0 out of 1 (0%)
   Number of Config WDT:          0 out of 1 (0%)
   Number of PCIEs:               0 out of 1 (0%)
   Number of Clocks:  1
      Net clk_c: 227 loads, 227 rising, 0 falling (Driver: Port clk)
   Number of Clock Enables:  7
      Net wmu.read_mode: 15 loads, 15 SLICEs
      Net wmu.clk_c_enable_51: 8 loads, 8 SLICEs
      Net wmu.clk_c_enable_43: 8 loads, 8 SLICEs
      Net wmu.clk_c_enable_35: 8 loads, 8 SLICEs
      Net wmu.clk_c_enable_19: 8 loads, 8 SLICEs
      Net wmu.clk_c_enable_27: 8 loads, 8 SLICEs
      Net wmu.clk_c_enable_52: 8 loads, 8 SLICEs
   Number of LSRs:  8
      Net reset: 54 loads, 54 SLICEs
      Net sa.genblk1[2].sn.n543: 1 loads, 1 SLICEs
      Net sa.genblk1[2].sn.n225: 32 loads, 32 SLICEs
      Net sa.genblk1[1].sn.n545: 1 loads, 1 SLICEs
      Net sa.genblk1[1].sn.n223: 32 loads, 32 SLICEs
      Net sa.genblk1[0].sn.n227: 32 loads, 32 SLICEs
      Net sa.genblk1[0].sn.n541: 1 loads, 1 SLICEs
      Net n1057: 53 loads, 53 SLICEs
   Top 10 highest fanout non-clock nets:
      Net reset: 60 loads
      Net n1057: 53 loads
      Net sa.genblk1[0].sn.n227: 32 loads
      Net sa.genblk1[1].sn.n223: 32 loads
      Net sa.genblk1[2].sn.n225: 32 loads
      Net wma_outputs[15]: 26 loads
      Net wma_outputs[23]: 26 loads
      Net wma_outputs[7]: 26 loads
      Net network_inputs_c[0]: 24 loads
      Net network_inputs_c[1]: 24 loads

                                    Page 2










   Number of warnings:  0
   Number of criticals: 0
   Number of errors:    0

Design Errors/Criticals/Warnings
--------------------------------

   No error, critical, or warning presents.

IO (PIO) Attributes
-------------------

+---------------------+-----------+-----------+-------+-------+-----------+
| IO Name             | Direction | Levelmode |  IO   |  IO   | Special   |
|                     |           |  IO_TYPE  |  REG  |  DDR  | IO Buffer |
+---------------------+-----------+-----------+-------+-------+-----------+
| network_outputs[0]  | OUTPUT    |           |       |       |           |
+---------------------+-----------+-----------+-------+-------+-----------+
| network_inputs[1]   | INPUT     |           |       |       |           |
+---------------------+-----------+-----------+-------+-------+-----------+
| network_inputs[0]   | INPUT     |           |       |       |           |
+---------------------+-----------+-----------+-------+-------+-----------+
| network_outputs[2]  | OUTPUT    |           |       |       |           |
+---------------------+-----------+-----------+-------+-------+-----------+
| network_outputs[1]  | OUTPUT    |           |       |       |           |
+---------------------+-----------+-----------+-------+-------+-----------+
| clk                 | INPUT     |           |       |       |           |
+---------------------+-----------+-----------+-------+-------+-----------+

Removed logic
-------------

Block GSR_INST undriven or does not drive anything - clipped.
Block i14 was optimized away.

Constraint Summary
------------------

   Total number of constraints: 1
   Total number of constraints dropped: 0

Run Time and Memory Usage
-------------------------

   Total CPU Time: 2 secs
   Total REAL Time: 3 secs
   Peak Memory Usage: 341 MB
Checksum -- map: 499150ad37a1cfaf54aa1fd822b0d3939b91763








                                    Page 3


Copyright (c) 1991-1994 by NeoCAD Inc. All rights reserved.
Copyright (c) 1995
     AT&T Corp.   All rights reserved.
Copyright (c) 1995-2001 Lucent
     Technologies Inc.  All rights reserved.
Copyright (c) 2001 Agere Systems
     All rights reserved.
Copyright (c) 2002-2026 Lattice Semiconductor
     Corporation,  All rights reserved.
